[
{
"kind" : "module",
"members" : [
{
"name" : "X",
"kind" : "struct",
"protection" : "public",
"line" : 5}
,
{
"name" : "Y",
"kind" : "enum",
"protection" : "public",
"line" : 7}
,
{
"name" : "myInt",
"kind" : "alias",
"protection" : "public",
"type" : "int",
"line" : 10}
,
{
"name" : "x",
"kind" : "variable",
"protection" : "public",
"type" : "int",
"originalType" : "myInt",
"line" : 11}
,
{
"name" : "Foo3466(T)",
"kind" : "template",
"protection" : "public",
"line" : 14,
"members" : [
{
"name" : "Foo3466",
"kind" : "struct",
"protection" : "public",
"line" : 14,
"members" : [
{
"name" : "t",
"kind" : "variable",
"type" : "T",
"line" : 14}
]
}
]
}
,
{
"name" : "Bar3466(T)",
"kind" : "template",
"protection" : "public",
"line" : 15,
"members" : [
{
"name" : "Bar3466",
"kind" : "class",
"protection" : "public",
"line" : 15,
"members" : [
{
"name" : "t",
"kind" : "variable",
"type" : "T",
"line" : 15}
]
}
]
}
]
}
]
